[www.clapat.com/templates/humpton/index.html]
[www.google-analytics.com/analytics.js]
[backblue.gif]
[fade.gif]
[index.html]
[www.clapat.com/templates/humpton/favicon.ico]
[www.clapat.com/templates/humpton/style.css]
[www.clapat.com/templates/humpton/css/all.min.css]
[www.clapat.com/templates/humpton/index/index.html]
[www.clapat.com/templates/humpton/images/logo.png]
[www.clapat.com/templates/humpton/images/logo-white.png]
[www.clapat.com/templates/humpton/index-showcase/index.html]
[www.clapat.com/templates/humpton/index-carousel/index.html]
[www.clapat.com/templates/humpton/portfolio-overlapping-grid/index.html]
[www.clapat.com/templates/humpton/portfolio-parallax-grid/index.html]
[www.clapat.com/templates/humpton/portfolio-grid/index.html]
[www.clapat.com/templates/humpton/about/index.html]
[www.clapat.com/templates/humpton/contact/index.html]
[www.clapat.com/templates/humpton/typography/index.html]
[www.clapat.com/templates/humpton/multimedia/index.html]
[www.clapat.com/templates/humpton/images/02hero.jpg]
[www.clapat.com/templates/humpton/shortcodes/index.html]
[www.clapat.com/templates/humpton/images/01hero.jpg]
[www.clapat.com/templates/humpton/project01/index.html]
[www.clapat.com/templates/humpton/project02/index.html]
[www.clapat.com/templates/humpton/images/03hero.jpg]
[www.clapat.com/templates/humpton/project03/index.html]
[www.clapat.com/templates/humpton/images/04hero.jpg]
[www.clapat.com/templates/humpton/project04/index.html]
[www.clapat.com/templates/humpton/images/studio01.jpg]
[www.clapat.com/templates/humpton/images/studio02.jpg]
[www.clapat.com/templates/humpton/images/studio03.jpg]
[www.clapat.com/templates/humpton/images/studio04.jpg]
[www.clapat.com/templates/humpton/images/news01.jpg]
[www.clapat.com/templates/humpton/images/news02.jpg]
[www.clapat.com/templates/humpton/images/news03.jpg]
[www.clapat.com/templates/humpton/images/news04.jpg]
[www.clapat.com/templates/humpton/images/news05.jpg]
[www.clapat.com/templates/humpton/images/news06.jpg]
[www.clapat.com/templates/humpton/images/05hero.jpg]
[www.clapat.com/templates/humpton/images/06hero.jpg]
[www.clapat.com/templates/humpton/js/jquery.min.js]
[cdnjs.cloudflare.com/ajax/libs/gsap/3.10.4/gsap.min.js]
[cdnjs.cloudflare.com/ajax/libs/gsap/3.10.4/ScrollTrigger.min.js]
[cdnjs.cloudflare.com/ajax/libs/gsap/3.10.4/ScrollToPlugin.min.js]
[cdnjs.cloudflare.com/ajax/libs/gsap/3.10.4/Draggable.min.js]
[cdnjs.cloudflare.com/ajax/libs/gsap/3.10.4/EasePack.min.js]
[cdnjs.cloudflare.com/ajax/libs/ScrollMagic/2.0.7/ScrollMagic.min.js]
[cdnjs.cloudflare.com/ajax/libs/ScrollMagic/2.0.8/plugins/animation.gsap.min.js]
[cdnjs.cloudflare.com/ajax/libs/three.js/r128/three.min.js]
[cdnjs.cloudflare.com/ajax/libs/jquery.imagesloaded/5.0.0/imagesloaded.pkgd.min.js]
[www.clapat.com/templates/humpton/js/clapatwebgl.js]
[www.clapat.com/templates/humpton/js/common.js]
[www.clapat.com/templates/humpton/js/plugins.js]
[www.clapat.com/templates/humpton/js/contact.js]
[www.clapat.com/templates/humpton/index.html]
[www.clapat.com/templates/humpton/js/scripts.js]
[www.clapat.com/templates/humpton/css/content.css]
[www.clapat.com/templates/humpton/css/showcase.css]
[www.clapat.com/templates/humpton/css/portfolio.css]
[www.clapat.com/templates/humpton/css/shortcodes.css]
[www.clapat.com/templates/humpton/css/assets.css]
[www.clapat.com/templates/humpton/images/rotate.png]
[www.clapat.com/templates/humpton/style.css]
[www.clapat.com/templates/humpton/webfonts/fa-brands-400.woff2]
[www.clapat.com/templates/humpton/webfonts/fa-brands-400.ttf]
[www.clapat.com/templates/humpton/webfonts/fa-regular-400.woff2]
[www.clapat.com/templates/humpton/webfonts/fa-regular-400.ttf]
[www.clapat.com/templates/humpton/webfonts/fa-solid-900.woff2]
[www.clapat.com/templates/humpton/webfonts/fa-solid-900.ttf]
[www.clapat.com/templates/humpton/webfonts/fa-v4compatibility.woff2]
[www.clapat.com/templates/humpton/webfonts/fa-v4compatibility.ttf]
[www.clapat.com/templates/humpton/css/all.min.css]
[www.clapat.com/templates/humpton/index/index.html]
[www.clapat.com/templates/humpton/index-showcase/index.html]
[www.clapat.com/templates/humpton/index-carousel/index.html]
[www.clapat.com/templates/humpton/portfolio-overlapping-grid/index.html]
[www.clapat.com/templates/humpton/portfolio-parallax-grid/index.html]
[www.clapat.com/templates/humpton/portfolio-grid/index.html]
[www.clapat.com/templates/humpton/about/index.html]
[www.clapat.com/templates/humpton/contact/index.html]
[www.clapat.com/templates/humpton/typography/index.html]
[www.clapat.com/templates/humpton/multimedia/index.html]
[www.clapat.com/templates/humpton/shortcodes/index.html]
[www.clapat.com/templates/humpton/project01/index.html]
[www.clapat.com/templates/humpton/project02/index.html]
[www.clapat.com/templates/humpton/project03/index.html]
[www.clapat.com/templates/humpton/project04/index.html]
[www.clapat.com/templates/humpton/css/content.css]
[www.clapat.com/templates/humpton/css/showcase.css]
[www.clapat.com/templates/humpton/css/portfolio.css]
[www.clapat.com/templates/humpton/css/shortcodes.css]
[www.clapat.com/templates/humpton/css/assets.css]
[www.clapat.com/templates/humpton/index/index/index.html]
[www.clapat.com/templates/humpton/index/index-showcase/index.html]
[www.clapat.com/templates/humpton/index/index-carousel/index.html]
[www.clapat.com/templates/humpton/index/portfolio-overlapping-grid/index.html]
[www.clapat.com/templates/humpton/index/portfolio-parallax-grid/index.html]
[www.clapat.com/templates/humpton/index/portfolio-grid/index.html]
[www.clapat.com/templates/humpton/index/about/index.html]
[www.clapat.com/templates/humpton/index/contact/index.html]
[www.clapat.com/templates/humpton/index/typography/index.html]
[www.clapat.com/templates/humpton/index/multimedia/index.html]
[www.clapat.com/templates/humpton/index/shortcodes/index.html]
[www.clapat.com/templates/humpton/index/project01/index.html]
[www.clapat.com/templates/humpton/index/project02/index.html]
[www.clapat.com/templates/humpton/index/project03/index.html]
[www.clapat.com/templates/humpton/index/project04/index.html]
[www.clapat.com/templates/humpton/index-showcase/index/index.html]
[www.clapat.com/templates/humpton/index-showcase/index-showcase/index.html]
[www.clapat.com/templates/humpton/index-showcase/index-carousel/index.html]
[www.clapat.com/templates/humpton/index-showcase/portfolio-overlapping-grid/index.html]
[www.clapat.com/templates/humpton/index-showcase/portfolio-parallax-grid/index.html]
[www.clapat.com/templates/humpton/index-showcase/portfolio-grid/index.html]
[www.clapat.com/templates/humpton/index-showcase/about/index.html]
[www.clapat.com/templates/humpton/index-showcase/contact/index.html]
[www.clapat.com/templates/humpton/index-showcase/typography/index.html]
[www.clapat.com/templates/humpton/index-showcase/multimedia/index.html]
[www.clapat.com/templates/humpton/index-showcase/shortcodes/index.html]
[www.clapat.com/templates/humpton/index-showcase/project01/index.html]
[www.clapat.com/templates/humpton/index-showcase/project02/index.html]
[www.clapat.com/templates/humpton/index-showcase/project03/index.html]
[www.clapat.com/templates/humpton/index-showcase/project04/index.html]
[www.clapat.com/templates/humpton/index-showcase/project05/index.html]
[www.clapat.com/templates/humpton/index-showcase/project06/index.html]
[www.clapat.com/templates/humpton/index-carousel/index/index.html]
[www.clapat.com/templates/humpton/index-carousel/index-showcase/index.html]
[www.clapat.com/templates/humpton/index-carousel/index-carousel/index.html]
[www.clapat.com/templates/humpton/index-carousel/portfolio-overlapping-grid/index.html]
[www.clapat.com/templates/humpton/index-carousel/portfolio-parallax-grid/index.html]
[www.clapat.com/templates/humpton/index-carousel/portfolio-grid/index.html]
[www.clapat.com/templates/humpton/index-carousel/about/index.html]
[www.clapat.com/templates/humpton/index-carousel/contact/index.html]
[www.clapat.com/templates/humpton/index-carousel/typography/index.html]
[www.clapat.com/templates/humpton/index-carousel/multimedia/index.html]
[www.clapat.com/templates/humpton/index-carousel/shortcodes/index.html]
[www.clapat.com/templates/humpton/index-carousel/project01/index.html]
[www.clapat.com/templates/humpton/index-carousel/project02/index.html]
[www.clapat.com/templates/humpton/index-carousel/project03/index.html]
[www.clapat.com/templates/humpton/index-carousel/project04/index.html]
[www.clapat.com/templates/humpton/index-carousel/project05/index.html]
[www.clapat.com/templates/humpton/index-carousel/project06/index.html]
[www.clapat.com/templates/humpton/portfolio-overlapping-grid/index/index.html]
[www.clapat.com/templates/humpton/portfolio-overlapping-grid/index-showcase/index.html]
[www.clapat.com/templates/humpton/portfolio-overlapping-grid/index-carousel/index.html]
[www.clapat.com/templates/humpton/portfolio-overlapping-grid/portfolio-overlapping-grid/index.html]
[www.clapat.com/templates/humpton/portfolio-overlapping-grid/portfolio-parallax-grid/index.html]
[www.clapat.com/templates/humpton/portfolio-overlapping-grid/portfolio-grid/index.html]
[www.clapat.com/templates/humpton/portfolio-overlapping-grid/about/index.html]
[www.clapat.com/templates/humpton/portfolio-overlapping-grid/contact/index.html]
[www.clapat.com/templates/humpton/portfolio-overlapping-grid/typography/index.html]
[www.clapat.com/templates/humpton/portfolio-overlapping-grid/multimedia/index.html]
[www.clapat.com/templates/humpton/portfolio-overlapping-grid/shortcodes/index.html]
[www.clapat.com/templates/humpton/portfolio-overlapping-grid/project01/index.html]
[www.clapat.com/templates/humpton/portfolio-overlapping-grid/project02/index.html]
[www.clapat.com/templates/humpton/portfolio-overlapping-grid/project03/index.html]
[www.clapat.com/templates/humpton/portfolio-overlapping-grid/project04/index.html]
[www.clapat.com/templates/humpton/portfolio-overlapping-grid/project05/index.html]
[www.clapat.com/templates/humpton/portfolio-overlapping-grid/project06/index.html]
[www.clapat.com/templates/humpton/portfolio-parallax-grid/index/index.html]
[www.clapat.com/templates/humpton/portfolio-parallax-grid/index-showcase/index.html]
[www.clapat.com/templates/humpton/portfolio-parallax-grid/index-carousel/index.html]
[www.clapat.com/templates/humpton/portfolio-parallax-grid/portfolio-overlapping-grid/index.html]
[www.clapat.com/templates/humpton/portfolio-parallax-grid/portfolio-parallax-grid/index.html]
[www.clapat.com/templates/humpton/portfolio-parallax-grid/portfolio-grid/index.html]
[www.clapat.com/templates/humpton/portfolio-parallax-grid/about/index.html]
[www.clapat.com/templates/humpton/portfolio-parallax-grid/contact/index.html]
[www.clapat.com/templates/humpton/portfolio-parallax-grid/typography/index.html]
[www.clapat.com/templates/humpton/portfolio-parallax-grid/multimedia/index.html]
[www.clapat.com/templates/humpton/portfolio-parallax-grid/shortcodes/index.html]
[www.clapat.com/templates/humpton/portfolio-parallax-grid/project01/index.html]
[www.clapat.com/templates/humpton/portfolio-parallax-grid/project02/index.html]
[www.clapat.com/templates/humpton/portfolio-parallax-grid/project03/index.html]
[www.clapat.com/templates/humpton/portfolio-parallax-grid/project04/index.html]
[www.clapat.com/templates/humpton/portfolio-parallax-grid/project05/index.html]
[www.clapat.com/templates/humpton/portfolio-parallax-grid/project06/index.html]
[www.clapat.com/templates/humpton/portfolio-grid/index/index.html]
[www.clapat.com/templates/humpton/portfolio-grid/index-showcase/index.html]
[www.clapat.com/templates/humpton/portfolio-grid/index-carousel/index.html]
[www.clapat.com/templates/humpton/portfolio-grid/portfolio-overlapping-grid/index.html]
[www.clapat.com/templates/humpton/portfolio-grid/portfolio-parallax-grid/index.html]
[www.clapat.com/templates/humpton/portfolio-grid/portfolio-grid/index.html]
[www.clapat.com/templates/humpton/portfolio-grid/about/index.html]
[www.clapat.com/templates/humpton/portfolio-grid/contact/index.html]
[www.clapat.com/templates/humpton/portfolio-grid/typography/index.html]
[www.clapat.com/templates/humpton/portfolio-grid/multimedia/index.html]
[www.clapat.com/templates/humpton/portfolio-grid/shortcodes/index.html]
[www.clapat.com/templates/humpton/portfolio-grid/project01/index.html]
[www.clapat.com/templates/humpton/portfolio-grid/project02/index.html]
[www.clapat.com/templates/humpton/portfolio-grid/project03/index.html]
[www.clapat.com/templates/humpton/portfolio-grid/project04/index.html]
[www.clapat.com/templates/humpton/portfolio-grid/project05/index.html]
[www.clapat.com/templates/humpton/portfolio-grid/project06/index.html]
[www.clapat.com/templates/humpton/about/index/index.html]
[www.clapat.com/templates/humpton/about/index-showcase/index.html]
[www.clapat.com/templates/humpton/about/index-carousel/index.html]
[www.clapat.com/templates/humpton/about/portfolio-overlapping-grid/index.html]
[www.clapat.com/templates/humpton/about/portfolio-parallax-grid/index.html]
[www.clapat.com/templates/humpton/about/portfolio-grid/index.html]
[www.clapat.com/templates/humpton/about/about/index.html]
[www.clapat.com/templates/humpton/about/contact/index.html]
[www.clapat.com/templates/humpton/about/typography/index.html]
[www.clapat.com/templates/humpton/about/multimedia/index.html]
[www.clapat.com/templates/humpton/about/shortcodes/index.html]
[www.clapat.com/templates/humpton/contact/index/index.html]
[www.clapat.com/templates/humpton/contact/index-showcase/index.html]
[www.clapat.com/templates/humpton/contact/index-carousel/index.html]
[www.clapat.com/templates/humpton/contact/portfolio-overlapping-grid/index.html]
[www.clapat.com/templates/humpton/contact/portfolio-parallax-grid/index.html]
[www.clapat.com/templates/humpton/contact/portfolio-grid/index.html]
[www.clapat.com/templates/humpton/contact/about/index.html]
[www.clapat.com/templates/humpton/contact/contact/index.html]
[www.clapat.com/templates/humpton/contact/typography/index.html]
[www.clapat.com/templates/humpton/contact/multimedia/index.html]
[www.clapat.com/templates/humpton/contact/shortcodes/index.html]
[www.clapat.com/templates/humpton/typography/index/index.html]
[www.clapat.com/templates/humpton/typography/index-showcase/index.html]
[www.clapat.com/templates/humpton/typography/index-carousel/index.html]
[www.clapat.com/templates/humpton/typography/portfolio-overlapping-grid/index.html]
[www.clapat.com/templates/humpton/typography/portfolio-parallax-grid/index.html]
[www.clapat.com/templates/humpton/typography/portfolio-grid/index.html]
[www.clapat.com/templates/humpton/typography/about/index.html]
[www.clapat.com/templates/humpton/typography/contact/index.html]
[www.clapat.com/templates/humpton/typography/typography/index.html]
[www.clapat.com/templates/humpton/typography/multimedia/index.html]
[www.clapat.com/templates/humpton/typography/shortcodes/index.html]
[www.clapat.com/templates/humpton/multimedia/index/index.html]
[www.clapat.com/templates/humpton/multimedia/index-showcase/index.html]
[www.clapat.com/templates/humpton/multimedia/index-carousel/index.html]
[www.clapat.com/templates/humpton/multimedia/portfolio-overlapping-grid/index.html]
[www.clapat.com/templates/humpton/multimedia/portfolio-parallax-grid/index.html]
[www.clapat.com/templates/humpton/multimedia/portfolio-grid/index.html]
[www.clapat.com/templates/humpton/multimedia/about/index.html]
[www.clapat.com/templates/humpton/multimedia/contact/index.html]
[www.clapat.com/templates/humpton/multimedia/typography/index.html]
[www.clapat.com/templates/humpton/multimedia/multimedia/index.html]
[www.clapat.com/templates/humpton/multimedia/shortcodes/index.html]
[www.clapat.com/templates/humpton/shortcodes/index/index.html]
[www.clapat.com/templates/humpton/shortcodes/index-showcase/index.html]
[www.clapat.com/templates/humpton/shortcodes/index-carousel/index.html]
[www.clapat.com/templates/humpton/shortcodes/portfolio-overlapping-grid/index.html]
[www.clapat.com/templates/humpton/shortcodes/portfolio-parallax-grid/index.html]
[www.clapat.com/templates/humpton/shortcodes/portfolio-grid/index.html]
[www.clapat.com/templates/humpton/shortcodes/about/index.html]
[www.clapat.com/templates/humpton/shortcodes/contact/index.html]
[www.clapat.com/templates/humpton/shortcodes/typography/index.html]
[www.clapat.com/templates/humpton/shortcodes/multimedia/index.html]
[www.clapat.com/templates/humpton/shortcodes/shortcodes/index.html]
[www.clapat.com/templates/humpton/project01/index/index.html]
[www.clapat.com/templates/humpton/project01/index-showcase/index.html]
[www.clapat.com/templates/humpton/project01/index-carousel/index.html]
[www.clapat.com/templates/humpton/project01/portfolio-overlapping-grid/index.html]
[www.clapat.com/templates/humpton/project01/portfolio-parallax-grid/index.html]
[www.clapat.com/templates/humpton/project01/portfolio-grid/index.html]
[www.clapat.com/templates/humpton/project01/about/index.html]
[www.clapat.com/templates/humpton/project01/contact/index.html]
[www.clapat.com/templates/humpton/project01/typography/index.html]
[www.clapat.com/templates/humpton/project01/multimedia/index.html]
[www.clapat.com/templates/humpton/project01/shortcodes/index.html]
[www.clapat.com/templates/humpton/project01/project02/index.html]
[www.clapat.com/templates/humpton/project02/index/index.html]
[www.clapat.com/templates/humpton/project02/index-showcase/index.html]
[www.clapat.com/templates/humpton/project02/index-carousel/index.html]
[www.clapat.com/templates/humpton/project02/portfolio-overlapping-grid/index.html]
[www.clapat.com/templates/humpton/project02/portfolio-parallax-grid/index.html]
[www.clapat.com/templates/humpton/project02/portfolio-grid/index.html]
[www.clapat.com/templates/humpton/project02/about/index.html]
[www.clapat.com/templates/humpton/project02/contact/index.html]
[www.clapat.com/templates/humpton/project02/typography/index.html]
[www.clapat.com/templates/humpton/project02/multimedia/index.html]
[www.clapat.com/templates/humpton/project02/shortcodes/index.html]
[www.clapat.com/templates/humpton/project02/project03/index.html]
[www.clapat.com/templates/humpton/project03/index/index.html]
[www.clapat.com/templates/humpton/project03/index-showcase/index.html]
[www.clapat.com/templates/humpton/project03/index-carousel/index.html]
[www.clapat.com/templates/humpton/project03/portfolio-overlapping-grid/index.html]
[www.clapat.com/templates/humpton/project03/portfolio-parallax-grid/index.html]
[www.clapat.com/templates/humpton/project03/portfolio-grid/index.html]
[www.clapat.com/templates/humpton/project03/about/index.html]
[www.clapat.com/templates/humpton/project03/contact/index.html]
[www.clapat.com/templates/humpton/project03/typography/index.html]
[www.clapat.com/templates/humpton/project03/multimedia/index.html]
[www.clapat.com/templates/humpton/project03/shortcodes/index.html]
[www.clapat.com/templates/humpton/project03/project04/index.html]
[www.clapat.com/templates/humpton/project04/index/index.html]
[www.clapat.com/templates/humpton/project04/index-showcase/index.html]
[www.clapat.com/templates/humpton/project04/index-carousel/index.html]
[www.clapat.com/templates/humpton/project04/portfolio-overlapping-grid/index.html]
[www.clapat.com/templates/humpton/project04/portfolio-parallax-grid/index.html]
[www.clapat.com/templates/humpton/project04/portfolio-grid/index.html]
[www.clapat.com/templates/humpton/project04/about/index.html]
[www.clapat.com/templates/humpton/project04/contact/index.html]
[www.clapat.com/templates/humpton/project04/typography/index.html]
[www.clapat.com/templates/humpton/project04/multimedia/index.html]
[www.clapat.com/templates/humpton/project04/shortcodes/index.html]
[www.clapat.com/templates/humpton/project04/project05/index.html]
